2026-09-06 20:33:11,367 - data_preprocessing - ERROR - file not found [Errno 2] No such file or directory: '.data/raw/train.csv'
2026-09-06 20:36:27,500 - data_preprocessing - ERROR - file not found [Errno 2] No such file or directory: '.data/raw/train.csv'
2026-09-06 20:54:06,556 - data_preprocessing - ERROR - file not found [Errno 2] No such file or directory: '.data/raw/train.csv'
2026-09-06 20:55:26,190 - data_preprocessing - DEBUG - Data loaded properly
2026-09-06 20:55:26,190 - data_preprocessing - DEBUG - Starting preprocessing for DataFrame
2026-09-06 20:55:26,388 - data_preprocessing - DEBUG - Target column encoded
2026-09-06 20:55:26,397 - data_preprocessing - DEBUG - Duplicates removed
2026-09-06 20:55:26,406 - data_preprocessing - ERROR - Error during text normalization: 
**********************************************************************
  Resource 'punkt_tab' not found.
  Please use the NLTK Downloader to obtain the resource:

  >>> import nltk
  >>> nltk.download('punkt_tab')

  For more information see: https://www.nltk.org/data.html

  Attempted to load 'tokenizers/punkt_tab/english/'

  Searched in:
    - 'C:\\Users\\NIKHIL/nltk_data'
    - 'C:\\Users\\NIKHIL\\MLOPS\\Complete_MLOPS_Pipeline\\venv\\nltk_data'
    - 'C:\\Users\\NIKHIL\\MLOPS\\Complete_MLOPS_Pipeline\\venv\\share\\nltk_data'
    - 'C:\\Users\\NIKHIL\\MLOPS\\Complete_MLOPS_Pipeline\\venv\\lib\\nltk_data'
    - 'C:\\Users\\NIKHIL\\AppData\\Roaming\\nltk_data'
    - 'C:\\nltk_data'
    - 'D:\\nltk_data'
    - 'E:\\nltk_data'
**********************************************************************

2026-09-06 20:55:26,406 - data_preprocessing - ERROR - Failed to complete the data tranformation process :
**********************************************************************
  Resource 'punkt_tab' not found.
  Please use the NLTK Downloader to obtain the resource:

  >>> import nltk
  >>> nltk.download('punkt_tab')

  For more information see: https://www.nltk.org/data.html

  Attempted to load 'tokenizers/punkt_tab/english/'

  Searched in:
    - 'C:\\Users\\NIKHIL/nltk_data'
    - 'C:\\Users\\NIKHIL\\MLOPS\\Complete_MLOPS_Pipeline\\venv\\nltk_data'
    - 'C:\\Users\\NIKHIL\\MLOPS\\Complete_MLOPS_Pipeline\\venv\\share\\nltk_data'
    - 'C:\\Users\\NIKHIL\\MLOPS\\Complete_MLOPS_Pipeline\\venv\\lib\\nltk_data'
    - 'C:\\Users\\NIKHIL\\AppData\\Roaming\\nltk_data'
    - 'C:\\nltk_data'
    - 'D:\\nltk_data'
    - 'E:\\nltk_data'
**********************************************************************

2026-09-06 20:56:34,774 - data_preprocessing - DEBUG - Data loaded properly
2026-09-06 20:56:34,775 - data_preprocessing - DEBUG - Starting preprocessing for DataFrame
2026-09-06 20:56:34,882 - data_preprocessing - DEBUG - Target column encoded
2026-09-06 20:56:34,885 - data_preprocessing - DEBUG - Duplicates removed
2026-09-06 20:57:33,286 - data_preprocessing - DEBUG - Text column transformed
2026-09-06 20:57:33,287 - data_preprocessing - DEBUG - Starting preprocessing for DataFrame
2026-09-06 20:57:33,288 - data_preprocessing - DEBUG - Target column encoded
2026-09-06 20:57:33,289 - data_preprocessing - DEBUG - Duplicates removed
2026-09-06 20:57:47,622 - data_preprocessing - DEBUG - Text column transformed
2026-09-06 20:57:47,639 - data_preprocessing - ERROR - Failed to complete the data tranformation process :join() argument must be str, bytes, or os.PathLike object, not 'DataFrame'
2026-09-07 15:46:04,325 - data_preprocessing - DEBUG - Data loaded properly
2026-09-07 15:46:04,325 - data_preprocessing - DEBUG - Starting preprocessing for DataFrame
2026-09-07 15:46:04,421 - data_preprocessing - DEBUG - Target column encoded
2026-09-07 15:46:04,435 - data_preprocessing - DEBUG - Duplicates removed
2026-09-07 15:46:52,725 - data_preprocessing - DEBUG - Text column transformed
2026-09-07 15:46:52,726 - data_preprocessing - DEBUG - Starting preprocessing for DataFrame
2026-09-07 15:46:52,727 - data_preprocessing - DEBUG - Target column encoded
2026-09-07 15:46:52,730 - data_preprocessing - DEBUG - Duplicates removed
2026-09-07 15:47:07,756 - data_preprocessing - DEBUG - Text column transformed
2026-09-07 15:47:07,771 - data_preprocessing - ERROR - Failed to complete the data tranformation process :join() argument must be str, bytes, or os.PathLike object, not 'DataFrame'
2026-09-07 15:51:25,045 - data_preprocessing - DEBUG - Data loaded properly
2026-09-07 15:51:25,046 - data_preprocessing - DEBUG - Starting preprocessing for DataFrame
2026-09-07 15:51:25,211 - data_preprocessing - DEBUG - Target column encoded
2026-09-07 15:51:25,232 - data_preprocessing - DEBUG - Duplicates removed
2026-09-07 15:52:37,562 - data_preprocessing - DEBUG - Text column transformed
2026-09-07 15:52:37,562 - data_preprocessing - DEBUG - Starting preprocessing for DataFrame
2026-09-07 15:52:37,563 - data_preprocessing - DEBUG - Target column encoded
2026-09-07 15:52:37,564 - data_preprocessing - DEBUG - Duplicates removed
2026-09-07 15:52:58,008 - data_preprocessing - DEBUG - Text column transformed
