2026-09-07 16:01:48,461 - feature_engineering - DEBUG - Data loaded and NaNs filled from ./data/interim/train_processed.csv
2026-09-07 16:01:48,502 - feature_engineering - DEBUG - Data loaded and NaNs filled from ./data/interim/test_processed.csv
2026-09-07 16:01:48,617 - feature_engineering - ERROR - Error during Bag of Words transformation: 'function' object has no attribute 'toarray'
2026-09-07 16:01:48,618 - feature_engineering - ERROR - Failed to complete the feature engineering process: 'function' object has no attribute 'toarray'
2026-09-07 16:03:56,965 - feature_engineering - DEBUG - Data loaded and NaNs filled from ./data/interim/train_processed.csv
2026-09-07 16:03:56,970 - feature_engineering - DEBUG - Data loaded and NaNs filled from ./data/interim/test_processed.csv
2026-09-07 16:03:57,061 - feature_engineering - DEBUG - tfidf applied and data transformed
2026-09-07 16:03:57,076 - feature_engineering - DEBUG - Data saved to ./data\processed\train_tfidf.csv
2026-09-07 16:03:57,077 - feature_engineering - ERROR - Unexpected error occured while saving the data : No active exception to reraise
2026-09-07 16:03:57,078 - feature_engineering - ERROR - Failed to complete the feature engineering process: No active exception to reraise
2026-09-07 16:07:19,942 - feature_engineering - DEBUG - Data loaded and NaNs filled from ./data/interim/train_processed.csv
2026-09-07 16:07:19,947 - feature_engineering - DEBUG - Data loaded and NaNs filled from ./data/interim/test_processed.csv
2026-09-07 16:07:20,002 - feature_engineering - DEBUG - tfidf applied and data transformed
2026-09-07 16:07:20,010 - feature_engineering - DEBUG - Data saved to ./data\processed\train_tfidf.csv
2026-09-07 16:07:20,011 - feature_engineering - ERROR - Failed to complete the feature engineering process: No active exception to reraise
2026-09-07 16:10:46,643 - feature_engineering - DEBUG - Data loaded and NaNs filled from ./data/interim/train_processed.csv
2026-09-07 16:10:46,650 - feature_engineering - DEBUG - Data loaded and NaNs filled from ./data/interim/test_processed.csv
2026-09-07 16:10:46,774 - feature_engineering - DEBUG - tfidf applied and data transformed
2026-09-07 16:10:46,925 - feature_engineering - DEBUG - Data saved to ./data\processed\train_tfidf.csv
2026-09-07 16:10:46,925 - feature_engineering - ERROR - Failed to complete the feature engineering process: No active exception to reraise
2026-09-07 16:14:21,941 - feature_engineering - DEBUG - Data loaded and NaNs filled from ./data/interim/train_processed.csv
2026-09-07 16:14:21,947 - feature_engineering - DEBUG - Data loaded and NaNs filled from ./data/interim/test_processed.csv
2026-09-07 16:14:22,007 - feature_engineering - DEBUG - tfidf applied and data transformed
2026-09-07 16:14:22,097 - feature_engineering - DEBUG - Data saved to ./data\processed\train_tfidf.csv
2026-09-07 16:14:22,120 - feature_engineering - DEBUG - Data saved to ./data\processed\test_tfidf.csv
